2026-08-18 16:31:22.682 [INFO    ] game.__main__                | ============================================================
2026-08-18 16:31:22.682 [INFO    ] game.__main__                | Sorcerer King starting — seed=790531415
2026-08-18 16:31:22.682 [INFO    ] game.__main__                | ============================================================
2026-08-18 16:31:23.925 [DEBUG   ] game.core.game               | LEGAL    phase=preparation    player=white  count=25
2026-08-18 16:31:26.039 [DEBUG   ] game.core.game               | LEGAL    phase=preparation    player=white  count=25
2026-08-18 16:31:27.603 [DEBUG   ] game.core.game               | LEGAL    phase=preparation    player=white  count=25
2026-08-18 16:31:27.603 [INFO    ] game.ui.pygame_app           | TOAST    Summoning Ancient Tortoise — click a gold vessel on the board  (ESC to cancel)
2026-08-18 16:31:28.260 [INFO    ] game.ui.pygame_app           | SUMMON   player=white  card='ancient_tortoise'  vessel=Position('f2')
2026-08-18 16:31:28.260 [DEBUG   ] game.ui.pygame_app           | UI→ENG   SummonMonster  player=white
2026-08-18 16:31:28.260 [DEBUG   ] game.core.game               | EXECUTE  phase=preparation    player=white  action=SummonMonster(player_id='white', card_id='ancient_tortoise', vessel_position=Position('f2'))
2026-08-18 16:31:28.260 [DEBUG   ] game.core.rules              | DISPATCH SummonMonster  player=white  phase=preparation
2026-08-18 16:31:28.260 [DEBUG   ] game.mechanics.monsters      | SUMMON   ancient_tortoise  unit=white-pawn-f  effects=['trap_immunity', 'capture_protection']
2026-08-18 16:31:28.260 [DEBUG   ] game.mechanics.effects.registry | EFFECT   → trap_immunity  unit=white-pawn-f  pos=None  trigger='on_summon'  params={'uses': 1}
2026-08-18 16:31:28.260 [DEBUG   ] game.mechanics.effects.registry | EFFECT   OK      trap_immunity  unit=white-pawn-f
2026-08-18 16:31:28.260 [DEBUG   ] game.mechanics.effects.registry | EFFECT   → capture_protection  unit=white-pawn-f  pos=None  trigger='on_summon'  params={'uses': 1}
2026-08-18 16:31:28.260 [DEBUG   ] game.mechanics.effects.registry | EFFECT   OK      capture_protection  unit=white-pawn-f
2026-08-18 16:31:28.260 [DEBUG   ] game.core.rules              | DONE     SummonMonster  → events=[PrepActionUsed, MonsterSummoned]
2026-08-18 16:31:28.260 [DEBUG   ] game.core.game               | EXECUTE  OK       phase=preparation    events=[PrepActionUsed, MonsterSummoned]
2026-08-18 16:31:32.744 [DEBUG   ] game.core.game               | LEGAL    phase=preparation    player=white  count=1
2026-08-18 16:31:33.951 [DEBUG   ] game.core.game               | LEGAL    phase=preparation    player=white  count=1
2026-08-18 16:31:34.740 [DEBUG   ] game.core.game               | LEGAL    phase=preparation    player=white  count=1
2026-08-18 16:31:35.619 [DEBUG   ] game.core.game               | LEGAL    phase=preparation    player=white  count=1
2026-08-18 16:31:36.692 [DEBUG   ] game.core.game               | LEGAL    phase=preparation    player=white  count=1
2026-08-18 16:31:37.753 [DEBUG   ] game.ui.pygame_app           | UI→ENG   EndPreparation  player=white
2026-08-18 16:31:37.753 [DEBUG   ] game.core.game               | EXECUTE  phase=preparation    player=white  action=EndPreparation(player_id='white')
2026-08-18 16:31:37.753 [DEBUG   ] game.core.rules              | DISPATCH EndPreparation  player=white  phase=preparation
2026-08-18 16:31:37.753 [DEBUG   ] game.core.rules              | DONE     EndPreparation  → events=[PhaseAdvanced]
2026-08-18 16:31:37.753 [DEBUG   ] game.core.game               | EXECUTE  OK       phase=chess          events=[PhaseAdvanced]
2026-08-18 16:31:38.322 [DEBUG   ] game.core.game               | LEGAL    phase=chess          player=white  count=20
2026-08-18 16:31:38.899 [DEBUG   ] game.ui.pygame_app           | MOVE     white  Position('f2') → Position('f4')
2026-08-18 16:31:38.899 [DEBUG   ] game.ui.pygame_app           | UI→ENG   MovePiece  player=white
2026-08-18 16:31:38.899 [DEBUG   ] game.core.game               | EXECUTE  phase=chess          player=white  action=MovePiece(player_id='white', source=Position('f2'), target=Position('f4'))
2026-08-18 16:31:38.899 [DEBUG   ] game.core.rules              | DISPATCH MovePiece  player=white  phase=chess
2026-08-18 16:31:38.902 [DEBUG   ] game.core.rules              | DONE     MovePiece  → events=[PieceMoved, ChessMoveUsed, PhaseAdvanced]
2026-08-18 16:31:38.902 [DEBUG   ] game.core.game               | EXECUTE  OK       phase=reaction       events=[PieceMoved, ChessMoveUsed, PhaseAdvanced]
2026-08-18 16:31:38.902 [DEBUG   ] game.core.game               | EXECUTE  phase=reaction       player=white  action=EndTurn(player_id='white')
2026-08-18 16:31:38.902 [DEBUG   ] game.core.rules              | DISPATCH EndTurn  player=white  phase=reaction
2026-08-18 16:31:38.902 [DEBUG   ] game.core.rules              | DONE     EndTurn  → events=[TurnEnded]
2026-08-18 16:31:38.902 [DEBUG   ] game.core.game               | EXECUTE  OK       phase=start          events=[TurnEnded]
2026-08-18 16:31:40.035 [DEBUG   ] game.core.game               | LEGAL    phase=preparation    player=black  count=19
2026-08-18 16:31:40.779 [DEBUG   ] game.core.game               | LEGAL    phase=preparation    player=black  count=19
2026-08-18 16:31:42.292 [DEBUG   ] game.core.game               | LEGAL    phase=preparation    player=black  count=19
2026-08-18 16:31:42.292 [INFO    ] game.ui.pygame_app           | TOAST    Summoning Grave Scholar — click a gold vessel on the board  (ESC to cancel)
2026-08-18 16:31:43.350 [INFO    ] game.ui.pygame_app           | SUMMON   player=black  card='grave_scholar'  vessel=Position('d7')
2026-08-18 16:31:43.350 [DEBUG   ] game.ui.pygame_app           | UI→ENG   SummonMonster  player=black
2026-08-18 16:31:43.350 [DEBUG   ] game.core.game               | EXECUTE  phase=preparation    player=black  action=SummonMonster(player_id='black', card_id='grave_scholar', vessel_position=Position('d7'))
2026-08-18 16:31:43.350 [DEBUG   ] game.core.rules              | DISPATCH SummonMonster  player=black  phase=preparation
2026-08-18 16:31:43.350 [DEBUG   ] game.mechanics.monsters      | SUMMON   grave_scholar  unit=black-pawn-d  effects=['graveyard_inspect', 'graveyard_to_deck']
2026-08-18 16:31:43.350 [DEBUG   ] game.mechanics.effects.registry | EFFECT   → graveyard_inspect  unit=black-pawn-d  pos=None  trigger='on_summon'  params={'trigger': 'on_summon', 'owner': 'self'}
2026-08-18 16:31:43.350 [WARNING ] game.mechanics.effects.registry | EFFECT   FAILED  type='graveyard_inspect'  unit=black-pawn-d  error=graveyard_inspect is not yet implemented (Stage 6+). Effect params: {'trigger': 'on_summon', 'owner': 'self'}
2026-08-18 16:31:43.351 [DEBUG   ] game.mechanics.monsters      | SUMMON   NotImplemented for 'graveyard_inspect' — skipped
2026-08-18 16:31:43.351 [DEBUG   ] game.mechanics.effects.registry | EFFECT   → graveyard_to_deck  unit=black-pawn-d  pos=None  trigger='on_summon'  params={'trigger': 'on_summon', 'count': 1}
2026-08-18 16:31:43.351 [WARNING ] game.mechanics.effects.registry | EFFECT   FAILED  type='graveyard_to_deck'  unit=black-pawn-d  error=graveyard_to_deck is not yet implemented (Stage 6+). Effect params: {'trigger': 'on_summon', 'count': 1}
2026-08-18 16:31:43.351 [DEBUG   ] game.mechanics.monsters      | SUMMON   NotImplemented for 'graveyard_to_deck' — skipped
2026-08-18 16:31:43.351 [DEBUG   ] game.core.rules              | DONE     SummonMonster  → events=[PrepActionUsed, MonsterSummoned]
2026-08-18 16:31:43.351 [DEBUG   ] game.core.game               | EXECUTE  OK       phase=preparation    events=[PrepActionUsed, MonsterSummoned]
2026-08-18 16:31:45.242 [DEBUG   ] game.core.game               | LEGAL    phase=preparation    player=black  count=1
2026-08-18 16:31:48.107 [DEBUG   ] game.core.game               | LEGAL    phase=preparation    player=black  count=1
2026-08-18 16:31:49.426 [DEBUG   ] game.core.game               | LEGAL    phase=preparation    player=black  count=1
2026-08-18 16:31:51.968 [DEBUG   ] game.ui.pygame_app           | UI→ENG   EndPreparation  player=black
2026-08-18 16:31:51.968 [DEBUG   ] game.core.game               | EXECUTE  phase=preparation    player=black  action=EndPreparation(player_id='black')
2026-08-18 16:31:51.968 [DEBUG   ] game.core.rules              | DISPATCH EndPreparation  player=black  phase=preparation
2026-08-18 16:31:51.968 [DEBUG   ] game.core.rules              | DONE     EndPreparation  → events=[PhaseAdvanced]
2026-08-18 16:31:51.968 [DEBUG   ] game.core.game               | EXECUTE  OK       phase=chess          events=[PhaseAdvanced]
2026-08-18 16:31:52.584 [DEBUG   ] game.core.game               | LEGAL    phase=chess          player=black  count=20
2026-08-18 16:31:53.612 [DEBUG   ] game.ui.pygame_app           | MOVE     black  Position('d7') → Position('d5')
2026-08-18 16:31:53.613 [DEBUG   ] game.ui.pygame_app           | UI→ENG   MovePiece  player=black
2026-08-18 16:31:53.613 [DEBUG   ] game.core.game               | EXECUTE  phase=chess          player=black  action=MovePiece(player_id='black', source=Position('d7'), target=Position('d5'))
2026-08-18 16:31:53.613 [DEBUG   ] game.core.rules              | DISPATCH MovePiece  player=black  phase=chess
2026-08-18 16:31:53.615 [DEBUG   ] game.core.rules              | DONE     MovePiece  → events=[PieceMoved, ChessMoveUsed, PhaseAdvanced]
2026-08-18 16:31:53.615 [DEBUG   ] game.core.game               | EXECUTE  OK       phase=reaction       events=[PieceMoved, ChessMoveUsed, PhaseAdvanced]
2026-08-18 16:31:53.615 [DEBUG   ] game.core.game               | EXECUTE  phase=reaction       player=black  action=EndTurn(player_id='black')
2026-08-18 16:31:53.615 [DEBUG   ] game.core.rules              | DISPATCH EndTurn  player=black  phase=reaction
2026-08-18 16:31:53.615 [DEBUG   ] game.core.rules              | DONE     EndTurn  → events=[TurnEnded]
2026-08-18 16:31:53.615 [DEBUG   ] game.core.game               | EXECUTE  OK       phase=start          events=[TurnEnded]
2026-08-18 16:31:56.693 [DEBUG   ] game.core.game               | LEGAL    phase=preparation    player=white  count=24
2026-08-18 16:34:44.707 [INFO    ] game.__main__                | ============================================================
2026-08-18 16:34:44.707 [INFO    ] game.__main__                | Sorcerer King starting — seed=1819305606
2026-08-18 16:34:44.707 [INFO    ] game.__main__                | ============================================================
2026-08-18 16:34:46.661 [INFO    ] game.ui.pygame_app           | TOAST    White is now AI
2026-08-18 16:34:47.013 [INFO    ] game.ui.pygame_app           | TOAST    Black is now AI
2026-08-18 16:34:47.147 [DEBUG   ] game.core.game               | LEGAL    phase=preparation    player=white  count=9
2026-08-18 16:34:47.147 [DEBUG   ] game.ui.pygame_app           | AI       white chose SummonMonster
2026-08-18 16:34:47.147 [DEBUG   ] game.ui.pygame_app           | UI→ENG   SummonMonster  player=white
2026-08-18 16:34:47.147 [DEBUG   ] game.core.game               | EXECUTE  phase=preparation    player=white  action=SummonMonster(player_id='white', card_id='moon_stalker', vessel_position=Position('b1'))
2026-08-18 16:34:47.147 [DEBUG   ] game.core.rules              | DISPATCH SummonMonster  player=white  phase=preparation
2026-08-18 16:34:47.148 [DEBUG   ] game.mechanics.monsters      | SUMMON   moon_stalker  unit=white-knight-b  effects=['territory_bonus']
2026-08-18 16:34:47.148 [DEBUG   ] game.mechanics.effects.registry | EFFECT   → territory_bonus  unit=white-knight-b  pos=None  trigger='on_summon'  params={'condition': 'enemy_territory', 'movement_bonus': 1}
2026-08-18 16:34:47.148 [DEBUG   ] game.mechanics.effects.registry | EFFECT   OK      territory_bonus  unit=white-knight-b
2026-08-18 16:34:47.148 [DEBUG   ] game.core.rules              | DONE     SummonMonster  → events=[PrepActionUsed, MonsterSummoned]
2026-08-18 16:34:47.148 [DEBUG   ] game.core.game               | EXECUTE  OK       phase=preparation    events=[PrepActionUsed, MonsterSummoned]
2026-08-18 16:34:47.663 [DEBUG   ] game.core.game               | LEGAL    phase=preparation    player=white  count=1
2026-08-18 16:34:47.664 [DEBUG   ] game.ui.pygame_app           | AI       white chose EndPreparation
2026-08-18 16:34:47.664 [DEBUG   ] game.ui.pygame_app           | UI→ENG   EndPreparation  player=white
2026-08-18 16:34:47.664 [DEBUG   ] game.core.game               | EXECUTE  phase=preparation    player=white  action=EndPreparation(player_id='white')
2026-08-18 16:34:47.664 [DEBUG   ] game.core.rules              | DISPATCH EndPreparation  player=white  phase=preparation
2026-08-18 16:34:47.664 [DEBUG   ] game.core.rules              | DONE     EndPreparation  → events=[PhaseAdvanced]
2026-08-18 16:34:47.664 [DEBUG   ] game.core.game               | EXECUTE  OK       phase=chess          events=[PhaseAdvanced]
2026-08-18 16:34:48.194 [DEBUG   ] game.core.game               | LEGAL    phase=chess          player=white  count=20
2026-08-18 16:34:48.194 [DEBUG   ] game.ui.pygame_app           | AI       white chose MovePiece
2026-08-18 16:34:48.194 [DEBUG   ] game.ui.pygame_app           | UI→ENG   MovePiece  player=white
2026-08-18 16:34:48.194 [DEBUG   ] game.core.game               | EXECUTE  phase=chess          player=white  action=MovePiece(player_id='white', source=Position('g1'), target=Position('f3'))
2026-08-18 16:34:48.194 [DEBUG   ] game.core.rules              | DISPATCH MovePiece  player=white  phase=chess
2026-08-18 16:34:48.197 [DEBUG   ] game.core.rules              | DONE     MovePiece  → events=[PieceMoved, ChessMoveUsed, PhaseAdvanced]
2026-08-18 16:34:48.197 [DEBUG   ] game.core.game               | EXECUTE  OK       phase=reaction       events=[PieceMoved, ChessMoveUsed, PhaseAdvanced]
2026-08-18 16:34:48.197 [DEBUG   ] game.core.game               | EXECUTE  phase=reaction       player=white  action=EndTurn(player_id='white')
2026-08-18 16:34:48.197 [DEBUG   ] game.core.rules              | DISPATCH EndTurn  player=white  phase=reaction
2026-08-18 16:34:48.197 [DEBUG   ] game.core.rules              | DONE     EndTurn  → events=[TurnEnded]
2026-08-18 16:34:48.197 [DEBUG   ] game.core.game               | EXECUTE  OK       phase=start          events=[TurnEnded]
2026-08-18 16:34:48.709 [DEBUG   ] game.core.game               | LEGAL    phase=preparation    player=black  count=9
2026-08-18 16:34:48.710 [DEBUG   ] game.ui.pygame_app           | AI       black chose EndPreparation
2026-08-18 16:34:48.710 [DEBUG   ] game.ui.pygame_app           | UI→ENG   EndPreparation  player=black
2026-08-18 16:34:48.710 [DEBUG   ] game.core.game               | EXECUTE  phase=preparation    player=black  action=EndPreparation(player_id='black')
2026-08-18 16:34:48.710 [DEBUG   ] game.core.rules              | DISPATCH EndPreparation  player=black  phase=preparation
2026-08-18 16:34:48.710 [DEBUG   ] game.core.rules              | DONE     EndPreparation  → events=[PhaseAdvanced]
2026-08-18 16:34:48.710 [DEBUG   ] game.core.game               | EXECUTE  OK       phase=chess          events=[PhaseAdvanced]
2026-08-18 16:34:49.245 [DEBUG   ] game.core.game               | LEGAL    phase=chess          player=black  count=20
2026-08-18 16:34:49.245 [DEBUG   ] game.ui.pygame_app           | AI       black chose MovePiece
2026-08-18 16:34:49.245 [DEBUG   ] game.ui.pygame_app           | UI→ENG   MovePiece  player=black
2026-08-18 16:34:49.245 [DEBUG   ] game.core.game               | EXECUTE  phase=chess          player=black  action=MovePiece(player_id='black', source=Position('b7'), target=Position('b6'))
2026-08-18 16:34:49.245 [DEBUG   ] game.core.rules              | DISPATCH MovePiece  player=black  phase=chess
2026-08-18 16:34:49.247 [DEBUG   ] game.core.rules              | DONE     MovePiece  → events=[PieceMoved, ChessMoveUsed, PhaseAdvanced]
2026-08-18 16:34:49.247 [DEBUG   ] game.core.game               | EXECUTE  OK       phase=reaction       events=[PieceMoved, ChessMoveUsed, PhaseAdvanced]
2026-08-18 16:34:49.248 [DEBUG   ] game.core.game               | EXECUTE  phase=reaction       player=black  action=EndTurn(player_id='black')
2026-08-18 16:34:49.248 [DEBUG   ] game.core.rules              | DISPATCH EndTurn  player=black  phase=reaction
2026-08-18 16:34:49.248 [DEBUG   ] game.core.rules              | DONE     EndTurn  → events=[TurnEnded]
2026-08-18 16:34:49.248 [DEBUG   ] game.core.game               | EXECUTE  OK       phase=start          events=[TurnEnded]
2026-08-18 16:34:49.757 [DEBUG   ] game.core.game               | LEGAL    phase=preparation    player=white  count=6
2026-08-18 16:34:49.758 [DEBUG   ] game.ui.pygame_app           | AI       white chose DeclareRecompose
2026-08-18 16:34:49.758 [DEBUG   ] game.ui.pygame_app           | UI→ENG   DeclareRecompose  player=white
2026-08-18 16:34:49.758 [DEBUG   ] game.core.game               | EXECUTE  phase=preparation    player=white  action=DeclareRecompose(player_id='white')
2026-08-18 16:34:49.758 [DEBUG   ] game.core.rules              | DISPATCH DeclareRecompose  player=white  phase=preparation
2026-08-18 16:34:49.758 [DEBUG   ] game.core.rules              | DONE     DeclareRecompose  → events=[PrepActionUsed, RecomposeInitiated]
2026-08-18 16:34:49.758 [DEBUG   ] game.core.game               | EXECUTE  OK       phase=recompose_selection events=[PrepActionUsed, RecomposeInitiated]
2026-08-18 16:34:49.758 [DEBUG   ] game.core.game               | LEGAL    phase=recompose_selection player=white  count=5
2026-08-18 16:34:49.758 [DEBUG   ] game.core.game               | EXECUTE  phase=recompose_selection player=white  action=SelectRecomposeCards(player_id='white', card_ids=['alarm_beacon'])
2026-08-18 16:34:49.758 [DEBUG   ] game.core.rules              | DISPATCH SelectRecomposeCards  player=white  phase=recompose_selection
2026-08-18 16:34:49.758 [DEBUG   ] game.core.rules              | DONE     SelectRecomposeCards  → events=[CardsReturnedToDeck, RecomposeResolved]
2026-08-18 16:34:49.758 [DEBUG   ] game.core.game               | EXECUTE  OK       phase=chess          events=[CardsReturnedToDeck, RecomposeResolved]
2026-08-18 16:34:50.292 [DEBUG   ] game.core.game               | LEGAL    phase=chess          player=white  count=22
2026-08-18 16:34:50.292 [DEBUG   ] game.ui.pygame_app           | AI       white chose MovePiece
2026-08-18 16:34:50.292 [DEBUG   ] game.ui.pygame_app           | UI→ENG   MovePiece  player=white
2026-08-18 16:34:50.292 [DEBUG   ] game.core.game               | EXECUTE  phase=chess          player=white  action=MovePiece(player_id='white', source=Position('c2'), target=Position('c3'))
2026-08-18 16:34:50.292 [DEBUG   ] game.core.rules              | DISPATCH MovePiece  player=white  phase=chess
2026-08-18 16:34:50.294 [DEBUG   ] game.core.rules              | DONE     MovePiece  → events=[PieceMoved, ChessMoveUsed, PhaseAdvanced]
2026-08-18 16:34:50.295 [DEBUG   ] game.core.game               | EXECUTE  OK       phase=reaction       events=[PieceMoved, ChessMoveUsed, PhaseAdvanced]
2026-08-18 16:34:50.295 [DEBUG   ] game.core.game               | EXECUTE  phase=reaction       player=white  action=EndTurn(player_id='white')
2026-08-18 16:34:50.295 [DEBUG   ] game.core.rules              | DISPATCH EndTurn  player=white  phase=reaction
2026-08-18 16:34:50.295 [DEBUG   ] game.core.rules              | DONE     EndTurn  → events=[TurnEnded]
2026-08-18 16:34:50.295 [DEBUG   ] game.core.game               | EXECUTE  OK       phase=start          events=[TurnEnded]
2026-08-18 16:34:50.804 [DEBUG   ] game.core.game               | LEGAL    phase=preparation    player=black  count=9
2026-08-18 16:34:50.804 [DEBUG   ] game.ui.pygame_app           | AI       black chose DeclareRecompose
2026-08-18 16:34:50.804 [DEBUG   ] game.ui.pygame_app           | UI→ENG   DeclareRecompose  player=black
2026-08-18 16:34:50.804 [DEBUG   ] game.core.game               | EXECUTE  phase=preparation    player=black  action=DeclareRecompose(player_id='black')
2026-08-18 16:34:50.804 [DEBUG   ] game.core.rules              | DISPATCH DeclareRecompose  player=black  phase=preparation
2026-08-18 16:34:50.804 [DEBUG   ] game.core.rules              | DONE     DeclareRecompose  → events=[PrepActionUsed, RecomposeInitiated]
2026-08-18 16:34:50.804 [DEBUG   ] game.core.game               | EXECUTE  OK       phase=recompose_selection events=[PrepActionUsed, RecomposeInitiated]
2026-08-18 16:34:50.805 [DEBUG   ] game.core.game               | LEGAL    phase=recompose_selection player=black  count=35
2026-08-18 16:34:50.805 [DEBUG   ] game.core.game               | EXECUTE  phase=recompose_selection player=black  action=SelectRecomposeCards(player_id='black', card_ids=['veil_of_stillness', 'time_anchor', 'counter_strike', 'ritual_insight'])
2026-08-18 16:34:50.805 [DEBUG   ] game.core.rules              | DISPATCH SelectRecomposeCards  player=black  phase=recompose_selection
2026-08-18 16:34:50.805 [DEBUG   ] game.core.rules              | DONE     SelectRecomposeCards  → events=[CardsReturnedToDeck, RecomposeResolved]
2026-08-18 16:34:50.805 [DEBUG   ] game.core.game               | EXECUTE  OK       phase=chess          events=[CardsReturnedToDeck, RecomposeResolved]
2026-08-18 16:34:51.338 [DEBUG   ] game.core.game               | LEGAL    phase=chess          player=black  count=21
2026-08-18 16:34:51.338 [DEBUG   ] game.ui.pygame_app           | AI       black chose MovePiece
2026-08-18 16:34:51.338 [DEBUG   ] game.ui.pygame_app           | UI→ENG   MovePiece  player=black
2026-08-18 16:34:51.338 [DEBUG   ] game.core.game               | EXECUTE  phase=chess          player=black  action=MovePiece(player_id='black', source=Position('d7'), target=Position('d6'))
2026-08-18 16:34:51.338 [DEBUG   ] game.core.rules              | DISPATCH MovePiece  player=black  phase=chess
2026-08-18 16:34:51.340 [DEBUG   ] game.core.rules              | DONE     MovePiece  → events=[PieceMoved, ChessMoveUsed, PhaseAdvanced]
2026-08-18 16:34:51.340 [DEBUG   ] game.core.game               | EXECUTE  OK       phase=reaction       events=[PieceMoved, ChessMoveUsed, PhaseAdvanced]
2026-08-18 16:34:51.341 [DEBUG   ] game.core.game               | EXECUTE  phase=reaction       player=black  action=EndTurn(player_id='black')
2026-08-18 16:34:51.341 [DEBUG   ] game.core.rules              | DISPATCH EndTurn  player=black  phase=reaction
2026-08-18 16:34:51.341 [DEBUG   ] game.core.rules              | DONE     EndTurn  → events=[PhaseAdvanced]
2026-08-18 16:34:51.341 [DEBUG   ] game.core.game               | EXECUTE  OK       phase=discard        events=[PhaseAdvanced]
2026-08-18 16:34:51.346 [DEBUG   ] game.core.game               | EXECUTE  phase=discard        player=black  action=DiscardCard(player_id='black', card_id='ward_of_binding')
2026-08-18 16:34:51.346 [DEBUG   ] game.core.rules              | DISPATCH DiscardCard  player=black  phase=discard
2026-08-18 16:34:51.346 [DEBUG   ] game.core.rules              | DONE     DiscardCard  → events=[CardDiscarded, PhaseAdvanced]
2026-08-18 16:34:51.346 [DEBUG   ] game.core.game               | EXECUTE  OK       phase=end            events=[CardDiscarded, PhaseAdvanced]
2026-08-18 16:34:51.346 [DEBUG   ] game.core.game               | EXECUTE  phase=end            player=black  action=EndTurn(player_id='black')
2026-08-18 16:34:51.346 [DEBUG   ] game.core.rules              | DISPATCH EndTurn  player=black  phase=end
2026-08-18 16:34:51.346 [DEBUG   ] game.core.rules              | DONE     EndTurn  → events=[TurnEnded]
2026-08-18 16:34:51.346 [DEBUG   ] game.core.game               | EXECUTE  OK       phase=start          events=[TurnEnded]
2026-08-18 16:34:51.865 [DEBUG   ] game.core.game               | LEGAL    phase=preparation    player=white  count=9
2026-08-18 16:34:51.865 [DEBUG   ] game.ui.pygame_app           | AI       white chose EndPreparation
2026-08-18 16:34:51.865 [DEBUG   ] game.ui.pygame_app           | UI→ENG   EndPreparation  player=white
2026-08-18 16:34:51.865 [DEBUG   ] game.core.game               | EXECUTE  phase=preparation    player=white  action=EndPreparation(player_id='white')
2026-08-18 16:34:51.865 [DEBUG   ] game.core.rules              | DISPATCH EndPreparation  player=white  phase=preparation
2026-08-18 16:34:51.865 [DEBUG   ] game.core.rules              | DONE     EndPreparation  → events=[PhaseAdvanced]
2026-08-18 16:34:51.865 [DEBUG   ] game.core.game               | EXECUTE  OK       phase=chess          events=[PhaseAdvanced]
2026-08-18 16:34:52.401 [DEBUG   ] game.core.game               | LEGAL    phase=chess          player=white  count=23
2026-08-18 16:34:52.401 [DEBUG   ] game.ui.pygame_app           | AI       white chose MovePiece
2026-08-18 16:34:52.401 [DEBUG   ] game.ui.pygame_app           | UI→ENG   MovePiece  player=white
2026-08-18 16:34:52.401 [DEBUG   ] game.core.game               | EXECUTE  phase=chess          player=white  action=MovePiece(player_id='white', source=Position('f3'), target=Position('h4'))
2026-08-18 16:34:52.401 [DEBUG   ] game.core.rules              | DISPATCH MovePiece  player=white  phase=chess
2026-08-18 16:34:52.406 [DEBUG   ] game.core.rules              | DONE     MovePiece  → events=[PieceMoved, ChessMoveUsed, PhaseAdvanced]
2026-08-18 16:34:52.406 [DEBUG   ] game.core.game               | EXECUTE  OK       phase=reaction       events=[PieceMoved, ChessMoveUsed, PhaseAdvanced]
2026-08-18 16:34:52.406 [DEBUG   ] game.core.game               | EXECUTE  phase=reaction       player=white  action=EndTurn(player_id='white')
2026-08-18 16:34:52.406 [DEBUG   ] game.core.rules              | DISPATCH EndTurn  player=white  phase=reaction
2026-08-18 16:34:52.406 [DEBUG   ] game.core.rules              | DONE     EndTurn  → events=[TurnEnded]
2026-08-18 16:34:52.406 [DEBUG   ] game.core.game               | EXECUTE  OK       phase=start          events=[TurnEnded]
2026-08-18 16:34:52.918 [DEBUG   ] game.core.game               | LEGAL    phase=preparation    player=black  count=13
2026-08-18 16:34:52.918 [DEBUG   ] game.ui.pygame_app           | AI       black chose DeclareRecompose
2026-08-18 16:34:52.918 [DEBUG   ] game.ui.pygame_app           | UI→ENG   DeclareRecompose  player=black
2026-08-18 16:34:52.918 [DEBUG   ] game.core.game               | EXECUTE  phase=preparation    player=black  action=DeclareRecompose(player_id='black')
2026-08-18 16:34:52.918 [DEBUG   ] game.core.rules              | DISPATCH DeclareRecompose  player=black  phase=preparation
2026-08-18 16:34:52.918 [DEBUG   ] game.core.rules              | DONE     DeclareRecompose  → events=[PrepActionUsed, RecomposeInitiated]
2026-08-18 16:34:52.918 [DEBUG   ] game.core.game               | EXECUTE  OK       phase=recompose_selection events=[PrepActionUsed, RecomposeInitiated]
2026-08-18 16:34:52.918 [DEBUG   ] game.core.game               | LEGAL    phase=recompose_selection player=black  count=35
2026-08-18 16:34:52.918 [DEBUG   ] game.core.game               | EXECUTE  phase=recompose_selection player=black  action=SelectRecomposeCards(player_id='black', card_ids=['arcane_sentinel', 'pit_trap', 'alarm_beacon', 'cursed_ground'])
2026-08-18 16:34:52.918 [DEBUG   ] game.core.rules              | DISPATCH SelectRecomposeCards  player=black  phase=recompose_selection
2026-08-18 16:34:52.918 [DEBUG   ] game.core.rules              | DONE     SelectRecomposeCards  → events=[CardsReturnedToDeck, RecomposeResolved]
2026-08-18 16:34:52.918 [DEBUG   ] game.core.game               | EXECUTE  OK       phase=chess          events=[CardsReturnedToDeck, RecomposeResolved]
2026-08-18 16:34:53.452 [DEBUG   ] game.core.game               | LEGAL    phase=chess          player=black  count=28
2026-08-18 16:34:53.453 [DEBUG   ] game.ui.pygame_app           | AI       black chose MovePiece
2026-08-18 16:34:53.453 [DEBUG   ] game.ui.pygame_app           | UI→ENG   MovePiece  player=black
2026-08-18 16:34:53.453 [DEBUG   ] game.core.game               | EXECUTE  phase=chess          player=black  action=MovePiece(player_id='black', source=Position('e8'), target=Position('d7'))
2026-08-18 16:34:53.453 [DEBUG   ] game.core.rules              | DISPATCH MovePiece  player=black  phase=chess
2026-08-18 16:34:53.455 [DEBUG   ] game.core.rules              | DONE     MovePiece  → events=[PieceMoved, ChessMoveUsed, PhaseAdvanced]
2026-08-18 16:34:53.455 [DEBUG   ] game.core.game               | EXECUTE  OK       phase=reaction       events=[PieceMoved, ChessMoveUsed, PhaseAdvanced]
2026-08-18 16:34:53.455 [DEBUG   ] game.core.game               | EXECUTE  phase=reaction       player=black  action=EndTurn(player_id='black')
2026-08-18 16:34:53.455 [DEBUG   ] game.core.rules              | DISPATCH EndTurn  player=black  phase=reaction
2026-08-18 16:34:53.455 [DEBUG   ] game.core.rules              | DONE     EndTurn  → events=[PhaseAdvanced]
2026-08-18 16:34:53.455 [DEBUG   ] game.core.game               | EXECUTE  OK       phase=discard        events=[PhaseAdvanced]
2026-08-18 16:34:53.461 [DEBUG   ] game.core.game               | EXECUTE  phase=discard        player=black  action=DiscardCard(player_id='black', card_id='ritual_insight')
2026-08-18 16:34:53.461 [DEBUG   ] game.core.rules              | DISPATCH DiscardCard  player=black  phase=discard
2026-08-18 16:34:53.461 [DEBUG   ] game.core.rules              | DONE     DiscardCard  → events=[CardDiscarded, PhaseAdvanced]
2026-08-18 16:34:53.461 [DEBUG   ] game.core.game               | EXECUTE  OK       phase=end            events=[CardDiscarded, PhaseAdvanced]
2026-08-18 16:34:53.461 [DEBUG   ] game.core.game               | EXECUTE  phase=end            player=black  action=EndTurn(player_id='black')
2026-08-18 16:34:53.461 [DEBUG   ] game.core.rules              | DISPATCH EndTurn  player=black  phase=end
2026-08-18 16:34:53.461 [DEBUG   ] game.core.rules              | DONE     EndTurn  → events=[TurnEnded]
2026-08-18 16:34:53.461 [DEBUG   ] game.core.game               | EXECUTE  OK       phase=start          events=[TurnEnded]
2026-08-18 16:34:53.978 [DEBUG   ] game.core.game               | LEGAL    phase=preparation    player=white  count=18
2026-08-18 16:34:53.978 [DEBUG   ] game.ui.pygame_app           | AI       white chose EndPreparation
2026-08-18 16:34:53.978 [DEBUG   ] game.ui.pygame_app           | UI→ENG   EndPreparation  player=white
2026-08-18 16:34:53.978 [DEBUG   ] game.core.game               | EXECUTE  phase=preparation    player=white  action=EndPreparation(player_id='white')
2026-08-18 16:34:53.978 [DEBUG   ] game.core.rules              | DISPATCH EndPreparation  player=white  phase=preparation
2026-08-18 16:34:53.978 [DEBUG   ] game.core.rules              | DONE     EndPreparation  → events=[PhaseAdvanced]
2026-08-18 16:34:53.978 [DEBUG   ] game.core.game               | EXECUTE  OK       phase=chess          events=[PhaseAdvanced]
2026-08-18 16:34:54.511 [DEBUG   ] game.core.game               | LEGAL    phase=chess          player=white  count=22
2026-08-18 16:34:54.511 [DEBUG   ] game.ui.pygame_app           | AI       white chose MovePiece
2026-08-18 16:34:54.511 [DEBUG   ] game.ui.pygame_app           | UI→ENG   MovePiece  player=white
2026-08-18 16:34:54.511 [DEBUG   ] game.core.game               | EXECUTE  phase=chess          player=white  action=MovePiece(player_id='white', source=Position('d1'), target=Position('a4'))
2026-08-18 16:34:54.511 [DEBUG   ] game.core.rules              | DISPATCH MovePiece  player=white  phase=chess
2026-08-18 16:34:54.514 [DEBUG   ] game.core.rules              | DONE     MovePiece  → events=[PieceMoved, ChessMoveUsed, CheckDetected, PhaseAdvanced]
2026-08-18 16:34:54.514 [DEBUG   ] game.core.game               | EXECUTE  OK       phase=reaction       events=[PieceMoved, ChessMoveUsed, CheckDetected, PhaseAdvanced]
2026-08-18 16:34:54.515 [DEBUG   ] game.core.game               | EXECUTE  phase=reaction       player=white  action=EndTurn(player_id='white')
2026-08-18 16:34:54.515 [DEBUG   ] game.core.rules              | DISPATCH EndTurn  player=white  phase=reaction
2026-08-18 16:34:54.515 [DEBUG   ] game.core.rules              | DONE     EndTurn  → events=[PhaseAdvanced]
2026-08-18 16:34:54.515 [DEBUG   ] game.core.game               | EXECUTE  OK       phase=discard        events=[PhaseAdvanced]
2026-08-18 16:34:54.521 [DEBUG   ] game.core.game               | EXECUTE  phase=discard        player=white  action=DiscardCard(player_id='white', card_id='pit_trap')
2026-08-18 16:34:54.521 [DEBUG   ] game.core.rules              | DISPATCH DiscardCard  player=white  phase=discard
2026-08-18 16:34:54.521 [DEBUG   ] game.core.rules              | DONE     DiscardCard  → events=[CardDiscarded, PhaseAdvanced]
2026-08-18 16:34:54.521 [DEBUG   ] game.core.game               | EXECUTE  OK       phase=end            events=[CardDiscarded, PhaseAdvanced]
2026-08-18 16:34:54.521 [DEBUG   ] game.core.game               | EXECUTE  phase=end            player=white  action=EndTurn(player_id='white')
2026-08-18 16:34:54.521 [DEBUG   ] game.core.rules              | DISPATCH EndTurn  player=white  phase=end
2026-08-18 16:34:54.521 [DEBUG   ] game.core.rules              | DONE     EndTurn  → events=[TurnEnded]
2026-08-18 16:34:54.521 [DEBUG   ] game.core.game               | EXECUTE  OK       phase=start          events=[TurnEnded]
2026-08-18 16:34:55.040 [DEBUG   ] game.core.game               | LEGAL    phase=preparation    player=black  count=39
2026-08-18 16:34:55.040 [DEBUG   ] game.ui.pygame_app           | AI       black chose EndPreparation
2026-08-18 16:34:55.040 [DEBUG   ] game.ui.pygame_app           | UI→ENG   EndPreparation  player=black
2026-08-18 16:34:55.040 [DEBUG   ] game.core.game               | EXECUTE  phase=preparation    player=black  action=EndPreparation(player_id='black')
2026-08-18 16:34:55.040 [DEBUG   ] game.core.rules              | DISPATCH EndPreparation  player=black  phase=preparation
2026-08-18 16:34:55.040 [DEBUG   ] game.core.rules              | DONE     EndPreparation  → events=[PhaseAdvanced]
2026-08-18 16:34:55.040 [DEBUG   ] game.core.game               | EXECUTE  OK       phase=chess          events=[PhaseAdvanced]
2026-08-18 16:34:55.576 [DEBUG   ] game.core.game               | LEGAL    phase=chess          player=black  count=4
2026-08-18 16:34:55.576 [DEBUG   ] game.ui.pygame_app           | AI       black chose MovePiece
2026-08-18 16:34:55.576 [DEBUG   ] game.ui.pygame_app           | UI→ENG   MovePiece  player=black
2026-08-18 16:34:55.576 [DEBUG   ] game.core.game               | EXECUTE  phase=chess          player=black  action=MovePiece(player_id='black', source=Position('d7'), target=Position('e6'))
2026-08-18 16:34:55.576 [DEBUG   ] game.core.rules              | DISPATCH MovePiece  player=black  phase=chess
2026-08-18 16:34:55.578 [DEBUG   ] game.core.rules              | DONE     MovePiece  → events=[PieceMoved, ChessMoveUsed, CheckResolved, PhaseAdvanced]
2026-08-18 16:34:55.578 [DEBUG   ] game.core.game               | EXECUTE  OK       phase=reaction       events=[PieceMoved, ChessMoveUsed, CheckResolved, PhaseAdvanced]
2026-08-18 16:34:55.579 [DEBUG   ] game.core.game               | EXECUTE  phase=reaction       player=black  action=EndTurn(player_id='black')
2026-08-18 16:34:55.579 [DEBUG   ] game.core.rules              | DISPATCH EndTurn  player=black  phase=reaction
2026-08-18 16:34:55.579 [DEBUG   ] game.core.rules              | DONE     EndTurn  → events=[PhaseAdvanced]
2026-08-18 16:34:55.579 [DEBUG   ] game.core.game               | EXECUTE  OK       phase=discard        events=[PhaseAdvanced]
2026-08-18 16:34:55.584 [DEBUG   ] game.core.game               | EXECUTE  phase=discard        player=black  action=DiscardCard(player_id='black', card_id='stone_golem')
2026-08-18 16:34:55.584 [DEBUG   ] game.core.rules              | DISPATCH DiscardCard  player=black  phase=discard
2026-08-18 16:34:55.584 [DEBUG   ] game.core.rules              | DONE     DiscardCard  → events=[CardDiscarded, PhaseAdvanced]
2026-08-18 16:34:55.584 [DEBUG   ] game.core.game               | EXECUTE  OK       phase=end            events=[CardDiscarded, PhaseAdvanced]
2026-08-18 16:34:55.584 [DEBUG   ] game.core.game               | EXECUTE  phase=end            player=black  action=EndTurn(player_id='black')
2026-08-18 16:34:55.584 [DEBUG   ] game.core.rules              | DISPATCH EndTurn  player=black  phase=end
2026-08-18 16:34:55.584 [DEBUG   ] game.core.rules              | DONE     EndTurn  → events=[TurnEnded]
2026-08-18 16:34:55.584 [DEBUG   ] game.core.game               | EXECUTE  OK       phase=start          events=[TurnEnded]
2026-08-18 16:34:56.107 [DEBUG   ] game.core.game               | LEGAL    phase=preparation    player=white  count=28
2026-08-18 16:34:56.107 [DEBUG   ] game.ui.pygame_app           | AI       white chose SummonMonster
2026-08-18 16:34:56.107 [DEBUG   ] game.ui.pygame_app           | UI→ENG   SummonMonster  player=white
2026-08-18 16:34:56.107 [DEBUG   ] game.core.game               | EXECUTE  phase=preparation    player=white  action=SummonMonster(player_id='white', card_id='tunnel_mole', vessel_position=Position('f2'))
2026-08-18 16:34:56.107 [DEBUG   ] game.core.rules              | DISPATCH SummonMonster  player=white  phase=preparation
2026-08-18 16:34:56.107 [DEBUG   ] game.mechanics.monsters      | SUMMON   tunnel_mole  unit=white-pawn-f  effects=['burrow']
2026-08-18 16:34:56.107 [DEBUG   ] game.mechanics.effects.registry | EFFECT   → burrow  unit=white-pawn-f  pos=None  trigger='on_summon'  params={'max_distance': 2, 'ignore_units': True, 'destination_must_be_empty': True, 'cooldown_turns': 2}
2026-08-18 16:34:56.107 [WARNING ] game.mechanics.effects.registry | EFFECT   FAILED  type='burrow'  unit=white-pawn-f  error=burrow is not yet implemented (Stage 7+). Effect params: {'max_distance': 2, 'ignore_units': True, 'destination_must_be_empty': True, 'cooldown_turns': 2}
2026-08-18 16:34:56.107 [DEBUG   ] game.mechanics.monsters      | SUMMON   NotImplemented for 'burrow' — skipped
2026-08-18 16:34:56.107 [DEBUG   ] game.core.rules              | DONE     SummonMonster  → events=[PrepActionUsed, MonsterSummoned]
2026-08-18 16:34:56.107 [DEBUG   ] game.core.game               | EXECUTE  OK       phase=preparation    events=[PrepActionUsed, MonsterSummoned]
2026-08-18 16:34:56.635 [DEBUG   ] game.core.game               | LEGAL    phase=preparation    player=white  count=1
2026-08-18 16:34:56.636 [DEBUG   ] game.ui.pygame_app           | AI       white chose EndPreparation
2026-08-18 16:34:56.636 [DEBUG   ] game.ui.pygame_app           | UI→ENG   EndPreparation  player=white
2026-08-18 16:34:56.636 [DEBUG   ] game.core.game               | EXECUTE  phase=preparation    player=white  action=EndPreparation(player_id='white')
2026-08-18 16:34:56.636 [DEBUG   ] game.core.rules              | DISPATCH EndPreparation  player=white  phase=preparation
2026-08-18 16:34:56.636 [DEBUG   ] game.core.rules              | DONE     EndPreparation  → events=[PhaseAdvanced]
2026-08-18 16:34:56.636 [DEBUG   ] game.core.game               | EXECUTE  OK       phase=chess          events=[PhaseAdvanced]
2026-08-18 16:34:57.179 [DEBUG   ] game.core.game               | LEGAL    phase=chess          player=white  count=37
2026-08-18 16:34:57.179 [DEBUG   ] game.ui.pygame_app           | AI       white chose MovePiece
2026-08-18 16:34:57.179 [DEBUG   ] game.ui.pygame_app           | UI→ENG   MovePiece  player=white
2026-08-18 16:34:57.179 [DEBUG   ] game.core.game               | EXECUTE  phase=chess          player=white  action=MovePiece(player_id='white', source=Position('a4'), target=Position('a5'))
2026-08-18 16:34:57.179 [DEBUG   ] game.core.rules              | DISPATCH MovePiece  player=white  phase=chess
2026-08-18 16:34:57.189 [DEBUG   ] game.core.rules              | DONE     MovePiece  → events=[PieceMoved, ChessMoveUsed, PhaseAdvanced]
2026-08-18 16:34:57.189 [DEBUG   ] game.core.game               | EXECUTE  OK       phase=reaction       events=[PieceMoved, ChessMoveUsed, PhaseAdvanced]
2026-08-18 16:34:57.190 [DEBUG   ] game.core.game               | EXECUTE  phase=reaction       player=white  action=EndTurn(player_id='white')
2026-08-18 16:34:57.190 [DEBUG   ] game.core.rules              | DISPATCH EndTurn  player=white  phase=reaction
2026-08-18 16:34:57.190 [DEBUG   ] game.core.rules              | DONE     EndTurn  → events=[TurnEnded]
2026-08-18 16:34:57.190 [DEBUG   ] game.core.game               | EXECUTE  OK       phase=start          events=[TurnEnded]
2026-08-18 16:34:57.703 [DEBUG   ] game.core.game               | LEGAL    phase=preparation    player=black  count=36
2026-08-18 16:34:57.703 [DEBUG   ] game.ui.pygame_app           | AI       black chose CoronateKing
2026-08-18 16:34:57.703 [DEBUG   ] game.ui.pygame_app           | UI→ENG   CoronateKing  player=black
2026-08-18 16:34:57.703 [DEBUG   ] game.core.game               | EXECUTE  phase=preparation    player=black  action=CoronateKing(player_id='black', king_card_id='black-king-c')
2026-08-18 16:34:57.703 [DEBUG   ] game.core.rules              | DISPATCH CoronateKing  player=black  phase=preparation
2026-08-18 16:34:57.703 [DEBUG   ] game.core.rules              | DONE     CoronateKing  → events=[PrepActionUsed, KingCoronated]
2026-08-18 16:34:57.703 [DEBUG   ] game.core.game               | EXECUTE  OK       phase=preparation    events=[PrepActionUsed, KingCoronated]
2026-08-18 16:34:58.216 [DEBUG   ] game.core.game               | LEGAL    phase=preparation    player=black  count=1
2026-08-18 16:34:58.216 [DEBUG   ] game.ui.pygame_app           | AI       black chose EndPreparation
2026-08-18 16:34:58.216 [DEBUG   ] game.ui.pygame_app           | UI→ENG   EndPreparation  player=black
2026-08-18 16:34:58.216 [DEBUG   ] game.core.game               | EXECUTE  phase=preparation    player=black  action=EndPreparation(player_id='black')
2026-08-18 16:34:58.216 [DEBUG   ] game.core.rules              | DISPATCH EndPreparation  player=black  phase=preparation
2026-08-18 16:34:58.216 [DEBUG   ] game.core.rules              | DONE     EndPreparation  → events=[PhaseAdvanced]
2026-08-18 16:34:58.216 [DEBUG   ] game.core.game               | EXECUTE  OK       phase=chess          events=[PhaseAdvanced]
2026-08-18 16:34:58.758 [DEBUG   ] game.core.game               | LEGAL    phase=chess          player=black  count=24
2026-08-18 16:34:58.758 [DEBUG   ] game.ui.pygame_app           | AI       black chose MovePiece
2026-08-18 16:34:58.758 [DEBUG   ] game.ui.pygame_app           | UI→ENG   MovePiece  player=black
2026-08-18 16:34:58.758 [DEBUG   ] game.core.game               | EXECUTE  phase=chess          player=black  action=MovePiece(player_id='black', source=Position('f7'), target=Position('f6'))
2026-08-18 16:34:58.758 [DEBUG   ] game.core.rules              | DISPATCH MovePiece  player=black  phase=chess
2026-08-18 16:34:58.761 [DEBUG   ] game.core.rules              | DONE     MovePiece  → events=[PieceMoved, ChessMoveUsed, PhaseAdvanced]
2026-08-18 16:34:58.761 [DEBUG   ] game.core.game               | EXECUTE  OK       phase=reaction       events=[PieceMoved, ChessMoveUsed, PhaseAdvanced]
2026-08-18 16:34:58.761 [DEBUG   ] game.core.game               | EXECUTE  phase=reaction       player=black  action=EndTurn(player_id='black')
2026-08-18 16:34:58.761 [DEBUG   ] game.core.rules              | DISPATCH EndTurn  player=black  phase=reaction
2026-08-18 16:34:58.761 [DEBUG   ] game.core.rules              | DONE     EndTurn  → events=[PhaseAdvanced]
2026-08-18 16:34:58.761 [DEBUG   ] game.core.game               | EXECUTE  OK       phase=discard        events=[PhaseAdvanced]
2026-08-18 16:34:58.767 [DEBUG   ] game.core.game               | EXECUTE  phase=discard        player=black  action=DiscardCard(player_id='black', card_id='blood_seer')
2026-08-18 16:34:58.767 [DEBUG   ] game.core.rules              | DISPATCH DiscardCard  player=black  phase=discard
2026-08-18 16:34:58.767 [DEBUG   ] game.core.rules              | DONE     DiscardCard  → events=[CardDiscarded, PhaseAdvanced]
2026-08-18 16:34:58.767 [DEBUG   ] game.core.game               | EXECUTE  OK       phase=end            events=[CardDiscarded, PhaseAdvanced]
2026-08-18 16:34:58.767 [DEBUG   ] game.core.game               | EXECUTE  phase=end            player=black  action=EndTurn(player_id='black')
2026-08-18 16:34:58.767 [DEBUG   ] game.core.rules              | DISPATCH EndTurn  player=black  phase=end
2026-08-18 16:34:58.767 [DEBUG   ] game.core.rules              | DONE     EndTurn  → events=[TurnEnded]
2026-08-18 16:34:58.767 [DEBUG   ] game.core.game               | EXECUTE  OK       phase=start          events=[TurnEnded]
2026-08-18 16:34:59.293 [DEBUG   ] game.core.game               | LEGAL    phase=preparation    player=white  count=20
2026-08-18 16:34:59.293 [DEBUG   ] game.ui.pygame_app           | AI       white chose DismissMonster
2026-08-18 16:34:59.293 [DEBUG   ] game.ui.pygame_app           | UI→ENG   DismissMonster  player=white
2026-08-18 16:34:59.293 [DEBUG   ] game.core.game               | EXECUTE  phase=preparation    player=white  action=DismissMonster(player_id='white', unit_position=Position('b1'))
2026-08-18 16:34:59.293 [DEBUG   ] game.core.rules              | DISPATCH DismissMonster  player=white  phase=preparation
2026-08-18 16:34:59.293 [DEBUG   ] game.core.rules              | DONE     DismissMonster  → events=[PrepActionUsed, MonsterDismissed]
2026-08-18 16:34:59.293 [DEBUG   ] game.core.game               | EXECUTE  OK       phase=preparation    events=[PrepActionUsed, MonsterDismissed]
2026-08-18 16:34:59.810 [DEBUG   ] game.core.game               | LEGAL    phase=preparation    player=white  count=1
2026-08-18 16:34:59.811 [DEBUG   ] game.ui.pygame_app           | AI       white chose EndPreparation
2026-08-18 16:34:59.811 [DEBUG   ] game.ui.pygame_app           | UI→ENG   EndPreparation  player=white
2026-08-18 16:34:59.811 [DEBUG   ] game.core.game               | EXECUTE  phase=preparation    player=white  action=EndPreparation(player_id='white')
2026-08-18 16:34:59.811 [DEBUG   ] game.core.rules              | DISPATCH EndPreparation  player=white  phase=preparation
2026-08-18 16:34:59.811 [DEBUG   ] game.core.rules              | DONE     EndPreparation  → events=[PhaseAdvanced]
2026-08-18 16:34:59.811 [DEBUG   ] game.core.game               | EXECUTE  OK       phase=chess          events=[PhaseAdvanced]
2026-08-18 16:35:00.353 [DEBUG   ] game.core.game               | LEGAL    phase=chess          player=white  count=34
2026-08-18 16:35:00.353 [DEBUG   ] game.ui.pygame_app           | AI       white chose MovePiece
2026-08-18 16:35:00.353 [DEBUG   ] game.ui.pygame_app           | UI→ENG   MovePiece  player=white
2026-08-18 16:35:00.353 [DEBUG   ] game.core.game               | EXECUTE  phase=chess          player=white  action=MovePiece(player_id='white', source=Position('g2'), target=Position('g4'))
2026-08-18 16:35:00.353 [DEBUG   ] game.core.rules              | DISPATCH MovePiece  player=white  phase=chess
2026-08-18 16:35:00.355 [DEBUG   ] game.core.rules              | DONE     MovePiece  → events=[PieceMoved, ChessMoveUsed, PhaseAdvanced]
2026-08-18 16:35:00.355 [DEBUG   ] game.core.game               | EXECUTE  OK       phase=reaction       events=[PieceMoved, ChessMoveUsed, PhaseAdvanced]
2026-08-18 16:35:00.355 [DEBUG   ] game.core.game               | EXECUTE  phase=reaction       player=white  action=EndTurn(player_id='white')
2026-08-18 16:35:00.355 [DEBUG   ] game.core.rules              | DISPATCH EndTurn  player=white  phase=reaction
2026-08-18 16:35:00.355 [DEBUG   ] game.core.rules              | DONE     EndTurn  → events=[PhaseAdvanced]
2026-08-18 16:35:00.355 [DEBUG   ] game.core.game               | EXECUTE  OK       phase=discard        events=[PhaseAdvanced]
2026-08-18 16:35:00.360 [DEBUG   ] game.core.game               | EXECUTE  phase=discard        player=white  action=DiscardCard(player_id='white', card_id='shatter_trap')
2026-08-18 16:35:00.360 [DEBUG   ] game.core.rules              | DISPATCH DiscardCard  player=white  phase=discard
2026-08-18 16:35:00.360 [DEBUG   ] game.core.rules              | DONE     DiscardCard  → events=[CardDiscarded]
2026-08-18 16:35:00.360 [DEBUG   ] game.core.game               | EXECUTE  OK       phase=discard        events=[CardDiscarded]
2026-08-18 16:35:00.377 [DEBUG   ] game.core.game               | EXECUTE  phase=discard        player=white  action=DiscardCard(player_id='white', card_id='moon_stalker')
2026-08-18 16:35:00.377 [DEBUG   ] game.core.rules              | DISPATCH DiscardCard  player=white  phase=discard
2026-08-18 16:35:00.377 [DEBUG   ] game.core.rules              | DONE     DiscardCard  → events=[CardDiscarded, PhaseAdvanced]
2026-08-18 16:35:00.377 [DEBUG   ] game.core.game               | EXECUTE  OK       phase=end            events=[CardDiscarded, PhaseAdvanced]
2026-08-18 16:35:00.377 [DEBUG   ] game.core.game               | EXECUTE  phase=end            player=white  action=EndTurn(player_id='white')
2026-08-18 16:35:00.377 [DEBUG   ] game.core.rules              | DISPATCH EndTurn  player=white  phase=end
2026-08-18 16:35:00.377 [DEBUG   ] game.core.rules              | DONE     EndTurn  → events=[TurnEnded]
2026-08-18 16:35:00.377 [DEBUG   ] game.core.game               | EXECUTE  OK       phase=start          events=[TurnEnded]
2026-08-18 16:35:00.899 [DEBUG   ] game.core.game               | LEGAL    phase=preparation    player=black  count=23
2026-08-18 16:35:00.899 [DEBUG   ] game.ui.pygame_app           | AI       black chose SummonMonster
2026-08-18 16:35:00.899 [DEBUG   ] game.ui.pygame_app           | UI→ENG   SummonMonster  player=black
2026-08-18 16:35:00.899 [DEBUG   ] game.core.game               | EXECUTE  phase=preparation    player=black  action=SummonMonster(player_id='black', card_id='broodmother', vessel_position=Position('a8'))
2026-08-18 16:35:00.899 [DEBUG   ] game.core.rules              | DISPATCH SummonMonster  player=black  phase=preparation
2026-08-18 16:35:00.899 [DEBUG   ] game.mechanics.monsters      | SUMMON   broodmother  unit=black-rook-a  effects=['vessel_support']
2026-08-18 16:35:00.899 [DEBUG   ] game.mechanics.effects.registry | EFFECT   → vessel_support  unit=black-rook-a  pos=None  trigger='on_summon'  params={'archetype': 'dragon', 'radius': 1, 'allow_extra_vessel': ['pawn']}
2026-08-18 16:35:00.899 [WARNING ] game.mechanics.effects.registry | EFFECT   FAILED  type='vessel_support'  unit=black-rook-a  error=vessel_support is not yet implemented (Stage 7+). Effect params: {'archetype': 'dragon', 'radius': 1, 'allow_extra_vessel': ['pawn']}
2026-08-18 16:35:00.899 [DEBUG   ] game.mechanics.monsters      | SUMMON   NotImplemented for 'vessel_support' — skipped
2026-08-18 16:35:00.899 [DEBUG   ] game.core.rules              | DONE     SummonMonster  → events=[PrepActionUsed, MonsterSummoned]
2026-08-18 16:35:00.899 [DEBUG   ] game.core.game               | EXECUTE  OK       phase=preparation    events=[PrepActionUsed, MonsterSummoned]
2026-08-18 16:35:00.916 [INFO    ] game.ui.pygame_app           | TOAST    Black is now HUMAN
2026-08-18 16:35:01.324 [INFO    ] game.ui.pygame_app           | TOAST    White is now HUMAN
2026-08-18 16:35:11.278 [DEBUG   ] game.ui.pygame_app           | UI→ENG   EndPreparation  player=black
2026-08-18 16:35:11.278 [DEBUG   ] game.core.game               | EXECUTE  phase=preparation    player=black  action=EndPreparation(player_id='black')
2026-08-18 16:35:11.278 [DEBUG   ] game.core.rules              | DISPATCH EndPreparation  player=black  phase=preparation
2026-08-18 16:35:11.278 [DEBUG   ] game.core.rules              | DONE     EndPreparation  → events=[PhaseAdvanced]
2026-08-18 16:35:11.278 [DEBUG   ] game.core.game               | EXECUTE  OK       phase=chess          events=[PhaseAdvanced]
2026-08-18 16:35:15.865 [INFO    ] game.ui.pygame_app           | TOAST    Select or inspect a monster piece first (A to activate).
2026-08-18 16:35:17.681 [DEBUG   ] game.core.game               | LEGAL    phase=chess          player=black  count=22
2026-08-18 16:35:18.544 [DEBUG   ] game.core.game               | LEGAL    phase=chess          player=black  count=22
2026-08-18 16:35:19.049 [DEBUG   ] game.ui.pygame_app           | MOVE     black  Position('f6') → Position('f5')
2026-08-18 16:35:19.049 [DEBUG   ] game.ui.pygame_app           | UI→ENG   MovePiece  player=black
2026-08-18 16:35:19.049 [DEBUG   ] game.core.game               | EXECUTE  phase=chess          player=black  action=MovePiece(player_id='black', source=Position('f6'), target=Position('f5'))
2026-08-18 16:35:19.049 [DEBUG   ] game.core.rules              | DISPATCH MovePiece  player=black  phase=chess
2026-08-18 16:35:19.051 [DEBUG   ] game.core.rules              | DONE     MovePiece  → events=[PieceMoved, ChessMoveUsed, PhaseAdvanced]
2026-08-18 16:35:19.051 [DEBUG   ] game.core.game               | EXECUTE  OK       phase=reaction       events=[PieceMoved, ChessMoveUsed, PhaseAdvanced]
2026-08-18 16:35:19.051 [DEBUG   ] game.core.game               | EXECUTE  phase=reaction       player=black  action=EndTurn(player_id='black')
2026-08-18 16:35:19.051 [DEBUG   ] game.core.rules              | DISPATCH EndTurn  player=black  phase=reaction
2026-08-18 16:35:19.051 [DEBUG   ] game.core.rules              | DONE     EndTurn  → events=[TurnEnded]
2026-08-18 16:35:19.052 [DEBUG   ] game.core.game               | EXECUTE  OK       phase=start          events=[TurnEnded]
2026-08-18 16:35:21.356 [DEBUG   ] game.core.game               | LEGAL    phase=preparation    player=white  count=31
2026-08-18 16:35:23.641 [DEBUG   ] game.core.game               | LEGAL    phase=preparation    player=white  count=31
2026-08-18 16:35:24.530 [DEBUG   ] game.core.game               | LEGAL    phase=preparation    player=white  count=31
2026-08-18 16:35:25.090 [DEBUG   ] game.ui.pygame_app           | UI→ENG   EndPreparation  player=white
2026-08-18 16:35:25.090 [DEBUG   ] game.core.game               | EXECUTE  phase=preparation    player=white  action=EndPreparation(player_id='white')
2026-08-18 16:35:25.090 [DEBUG   ] game.core.rules              | DISPATCH EndPreparation  player=white  phase=preparation
2026-08-18 16:35:25.090 [DEBUG   ] game.core.rules              | DONE     EndPreparation  → events=[PhaseAdvanced]
2026-08-18 16:35:25.090 [DEBUG   ] game.core.game               | EXECUTE  OK       phase=chess          events=[PhaseAdvanced]
2026-08-18 16:35:25.561 [DEBUG   ] game.core.game               | LEGAL    phase=chess          player=white  count=35
2026-08-18 16:35:26.145 [DEBUG   ] game.ui.pygame_app           | MOVE     white  Position('f2') → Position('f4')
2026-08-18 16:35:26.145 [DEBUG   ] game.ui.pygame_app           | UI→ENG   MovePiece  player=white
2026-08-18 16:35:26.145 [DEBUG   ] game.core.game               | EXECUTE  phase=chess          player=white  action=MovePiece(player_id='white', source=Position('f2'), target=Position('f4'))
2026-08-18 16:35:26.145 [DEBUG   ] game.core.rules              | DISPATCH MovePiece  player=white  phase=chess
2026-08-18 16:35:26.147 [DEBUG   ] game.core.rules              | DONE     MovePiece  → events=[PieceMoved, ChessMoveUsed, PhaseAdvanced]
2026-08-18 16:35:26.147 [DEBUG   ] game.core.game               | EXECUTE  OK       phase=reaction       events=[PieceMoved, ChessMoveUsed, PhaseAdvanced]
2026-08-18 16:35:26.147 [DEBUG   ] game.core.game               | EXECUTE  phase=reaction       player=white  action=EndTurn(player_id='white')
2026-08-18 16:35:26.147 [DEBUG   ] game.core.rules              | DISPATCH EndTurn  player=white  phase=reaction
2026-08-18 16:35:26.147 [DEBUG   ] game.core.rules              | DONE     EndTurn  → events=[PhaseAdvanced]
2026-08-18 16:35:26.147 [DEBUG   ] game.core.game               | EXECUTE  OK       phase=discard        events=[PhaseAdvanced]
2026-08-18 16:35:28.049 [DEBUG   ] game.ui.pygame_app           | UI→ENG   DiscardCard  player=white
2026-08-18 16:35:28.050 [DEBUG   ] game.core.game               | EXECUTE  phase=discard        player=white  action=DiscardCard(player_id='white', card_id='arcane_reposition')
2026-08-18 16:35:28.050 [DEBUG   ] game.core.rules              | DISPATCH DiscardCard  player=white  phase=discard
2026-08-18 16:35:28.050 [DEBUG   ] game.core.rules              | DONE     DiscardCard  → events=[CardDiscarded, PhaseAdvanced]
2026-08-18 16:35:28.050 [DEBUG   ] game.core.game               | EXECUTE  OK       phase=end            events=[CardDiscarded, PhaseAdvanced]
2026-08-18 16:35:28.050 [DEBUG   ] game.core.game               | EXECUTE  phase=end            player=white  action=EndTurn(player_id='white')
2026-08-18 16:35:28.050 [DEBUG   ] game.core.rules              | DISPATCH EndTurn  player=white  phase=end
2026-08-18 16:35:28.050 [DEBUG   ] game.core.rules              | DONE     EndTurn  → events=[TurnEnded]
2026-08-18 16:35:28.050 [DEBUG   ] game.core.game               | EXECUTE  OK       phase=start          events=[TurnEnded]
2026-08-18 16:35:29.047 [DEBUG   ] game.ui.pygame_app           | UI→ENG   EndPreparation  player=black
2026-08-18 16:35:29.047 [DEBUG   ] game.core.game               | EXECUTE  phase=preparation    player=black  action=EndPreparation(player_id='black')
2026-08-18 16:35:29.047 [DEBUG   ] game.core.rules              | DISPATCH EndPreparation  player=black  phase=preparation
2026-08-18 16:35:29.047 [DEBUG   ] game.core.rules              | DONE     EndPreparation  → events=[PhaseAdvanced]
2026-08-18 16:35:29.047 [DEBUG   ] game.core.game               | EXECUTE  OK       phase=chess          events=[PhaseAdvanced]
2026-08-18 16:35:31.728 [DEBUG   ] game.core.game               | LEGAL    phase=chess          player=black  count=24
2026-08-18 16:35:32.961 [DEBUG   ] game.core.game               | LEGAL    phase=chess          player=black  count=24
2026-08-18 16:35:33.558 [DEBUG   ] game.ui.pygame_app           | MOVE     black  Position('d6') → Position('d5')
2026-08-18 16:35:33.558 [DEBUG   ] game.ui.pygame_app           | UI→ENG   MovePiece  player=black
2026-08-18 16:35:33.558 [DEBUG   ] game.core.game               | EXECUTE  phase=chess          player=black  action=MovePiece(player_id='black', source=Position('d6'), target=Position('d5'))
2026-08-18 16:35:33.558 [DEBUG   ] game.core.rules              | DISPATCH MovePiece  player=black  phase=chess
2026-08-18 16:35:33.560 [DEBUG   ] game.core.rules              | DONE     MovePiece  → events=[PieceMoved, ChessMoveUsed, PhaseAdvanced]
2026-08-18 16:35:33.560 [DEBUG   ] game.core.game               | EXECUTE  OK       phase=reaction       events=[PieceMoved, ChessMoveUsed, PhaseAdvanced]
2026-08-18 16:35:33.560 [DEBUG   ] game.core.game               | EXECUTE  phase=reaction       player=black  action=EndTurn(player_id='black')
2026-08-18 16:35:33.560 [DEBUG   ] game.core.rules              | DISPATCH EndTurn  player=black  phase=reaction
2026-08-18 16:35:33.560 [DEBUG   ] game.core.rules              | DONE     EndTurn  → events=[PhaseAdvanced]
2026-08-18 16:35:33.560 [DEBUG   ] game.core.game               | EXECUTE  OK       phase=discard        events=[PhaseAdvanced]
2026-08-18 16:35:35.842 [DEBUG   ] game.ui.pygame_app           | UI→ENG   DiscardCard  player=black
2026-08-18 16:35:35.842 [DEBUG   ] game.core.game               | EXECUTE  phase=discard        player=black  action=DiscardCard(player_id='black', card_id='alarm_beacon')
2026-08-18 16:35:35.842 [DEBUG   ] game.core.rules              | DISPATCH DiscardCard  player=black  phase=discard
2026-08-18 16:35:35.842 [DEBUG   ] game.core.rules              | DONE     DiscardCard  → events=[CardDiscarded, PhaseAdvanced]
2026-08-18 16:35:35.842 [DEBUG   ] game.core.game               | EXECUTE  OK       phase=end            events=[CardDiscarded, PhaseAdvanced]
2026-08-18 16:35:35.843 [DEBUG   ] game.core.game               | EXECUTE  phase=end            player=black  action=EndTurn(player_id='black')
2026-08-18 16:35:35.843 [DEBUG   ] game.core.rules              | DISPATCH EndTurn  player=black  phase=end
2026-08-18 16:35:35.843 [DEBUG   ] game.core.rules              | DONE     EndTurn  → events=[TurnEnded]
2026-08-18 16:35:35.843 [DEBUG   ] game.core.game               | EXECUTE  OK       phase=start          events=[TurnEnded]
2026-08-18 16:35:36.550 [DEBUG   ] game.ui.pygame_app           | UI→ENG   EndPreparation  player=white
2026-08-18 16:35:36.550 [DEBUG   ] game.core.game               | EXECUTE  phase=preparation    player=white  action=EndPreparation(player_id='white')
2026-08-18 16:35:36.550 [DEBUG   ] game.core.rules              | DISPATCH EndPreparation  player=white  phase=preparation
2026-08-18 16:35:36.550 [DEBUG   ] game.core.rules              | DONE     EndPreparation  → events=[PhaseAdvanced]
2026-08-18 16:35:36.550 [DEBUG   ] game.core.game               | EXECUTE  OK       phase=chess          events=[PhaseAdvanced]
2026-08-18 16:35:37.645 [DEBUG   ] game.core.game               | LEGAL    phase=chess          player=white  count=32
2026-08-18 16:35:38.595 [DEBUG   ] game.core.game               | LEGAL    phase=chess          player=white  count=32
2026-08-18 16:35:42.156 [DEBUG   ] game.core.game               | LEGAL    phase=chess          player=white  count=32
2026-08-18 16:35:42.450 [DEBUG   ] game.ui.pygame_app           | ABILITY  white  ability='burrow'  pos=Position('f4')
2026-08-18 16:35:42.450 [DEBUG   ] game.core.game               | EXECUTE  phase=chess          player=white  action=ActivateMonsterAbility(player_id='white', unit_position=Position('f4'), ability_id='burrow', target=None)
2026-08-18 16:35:42.450 [DEBUG   ] game.core.rules              | DISPATCH ActivateMonsterAbility  player=white  phase=chess
2026-08-18 16:35:42.450 [DEBUG   ] game.mechanics.effects.registry | EFFECT   → burrow  unit=white-pawn-f  pos=Position('f4')  trigger='activated'  params={'max_distance': 2, 'ignore_units': True, 'destination_must_be_empty': True, 'cooldown_turns': 2}
2026-08-18 16:35:42.450 [WARNING ] game.mechanics.effects.registry | EFFECT   FAILED  type='burrow'  unit=white-pawn-f  error=burrow is not yet implemented (Stage 7+). Effect params: {'max_distance': 2, 'ignore_units': True, 'destination_must_be_empty': True, 'cooldown_turns': 2}
2026-08-18 16:35:42.450 [ERROR   ] game.core.rules              | UNEXPECTED ERROR in ActivateMonsterAbility: burrow is not yet implemented (Stage 7+). Effect params: {'max_distance': 2, 'ignore_units': True, 'destination_must_be_empty': True, 'cooldown_turns': 2}
Traceback (most recent call last):
  File "/Users/ricardosoro/Documents/my-agent-workspace/sorcerer-king/game-poc/src/game/core/rules.py", line 226, in execute
    events = self._execute_activate_monster_ability(state, action, rng, registry=self._registry)
  File "/Users/ricardosoro/Documents/my-agent-workspace/sorcerer-king/game-poc/src/game/core/rules.py", line 1121, in _execute_activate_monster_ability
    resolve_effect(ctx)
    ~~~~~~~~~~~~~~^^^^^
  File "/Users/ricardosoro/Documents/my-agent-workspace/sorcerer-king/game-poc/src/game/mechanics/effects/registry.py", line 123, in resolve_effect
    handler(ctx)
    ~~~~~~~^^^^^
  File "/Users/ricardosoro/Documents/my-agent-workspace/sorcerer-king/game-poc/src/game/mechanics/effects/movement.py", line 67, in _burrow
    raise NotImplementedError(
    ...<2 lines>...
    )
NotImplementedError: burrow is not yet implemented (Stage 7+). Effect params: {'max_distance': 2, 'ignore_units': True, 'destination_must_be_empty': True, 'cooldown_turns': 2}
2026-08-18 16:35:42.453 [WARNING ] game.core.game               | EXECUTE  FAILED  action=ActivateMonsterAbility  error=burrow is not yet implemented (Stage 7+). Effect params: {'max_distance': 2, 'ignore_units': True, 'destination_must_be_empty': True, 'cooldown_turns': 2}
2026-08-18 16:35:42.453 [WARNING ] game.ui.pygame_app           | ABILITY  FAILED  ability='burrow'  error=burrow is not yet implemented (Stage 7+). Effect params: {'max_distance': 2, 'ignore_units': True, 'destination_must_be_empty': True, 'cooldown_turns': 2}
2026-08-18 16:35:42.453 [INFO    ] game.ui.pygame_app           | TOAST    Cannot activate: burrow is not yet implemented (Stage 7+). Effect params: {'max_distance': 2, 'ignore_units': True, 'destination_must_be_empty': True, 'cooldown_turns': 2}
2026-08-18 16:35:45.829 [INFO    ] game.ui.pygame_app           | TOAST    Select or inspect a monster piece first (A to activate).
2026-08-18 16:35:46.568 [DEBUG   ] game.core.game               | LEGAL    phase=chess          player=white  count=32
2026-08-18 16:35:46.999 [DEBUG   ] game.ui.pygame_app           | ABILITY  white  ability='burrow'  pos=Position('f4')
2026-08-18 16:35:46.999 [DEBUG   ] game.core.game               | EXECUTE  phase=chess          player=white  action=ActivateMonsterAbility(player_id='white', unit_position=Position('f4'), ability_id='burrow', target=None)
2026-08-18 16:35:46.999 [DEBUG   ] game.core.rules              | DISPATCH ActivateMonsterAbility  player=white  phase=chess
2026-08-18 16:35:46.999 [DEBUG   ] game.mechanics.effects.registry | EFFECT   → burrow  unit=white-pawn-f  pos=Position('f4')  trigger='activated'  params={'max_distance': 2, 'ignore_units': True, 'destination_must_be_empty': True, 'cooldown_turns': 2}
2026-08-18 16:35:46.999 [WARNING ] game.mechanics.effects.registry | EFFECT   FAILED  type='burrow'  unit=white-pawn-f  error=burrow is not yet implemented (Stage 7+). Effect params: {'max_distance': 2, 'ignore_units': True, 'destination_must_be_empty': True, 'cooldown_turns': 2}
2026-08-18 16:35:46.999 [ERROR   ] game.core.rules              | UNEXPECTED ERROR in ActivateMonsterAbility: burrow is not yet implemented (Stage 7+). Effect params: {'max_distance': 2, 'ignore_units': True, 'destination_must_be_empty': True, 'cooldown_turns': 2}
Traceback (most recent call last):
  File "/Users/ricardosoro/Documents/my-agent-workspace/sorcerer-king/game-poc/src/game/core/rules.py", line 226, in execute
    events = self._execute_activate_monster_ability(state, action, rng, registry=self._registry)
  File "/Users/ricardosoro/Documents/my-agent-workspace/sorcerer-king/game-poc/src/game/core/rules.py", line 1121, in _execute_activate_monster_ability
    resolve_effect(ctx)
    ~~~~~~~~~~~~~~^^^^^
  File "/Users/ricardosoro/Documents/my-agent-workspace/sorcerer-king/game-poc/src/game/mechanics/effects/registry.py", line 123, in resolve_effect
    handler(ctx)
    ~~~~~~~^^^^^
  File "/Users/ricardosoro/Documents/my-agent-workspace/sorcerer-king/game-poc/src/game/mechanics/effects/movement.py", line 67, in _burrow
    raise NotImplementedError(
    ...<2 lines>...
    )
NotImplementedError: burrow is not yet implemented (Stage 7+). Effect params: {'max_distance': 2, 'ignore_units': True, 'destination_must_be_empty': True, 'cooldown_turns': 2}
2026-08-18 16:35:46.999 [WARNING ] game.core.game               | EXECUTE  FAILED  action=ActivateMonsterAbility  error=burrow is not yet implemented (Stage 7+). Effect params: {'max_distance': 2, 'ignore_units': True, 'destination_must_be_empty': True, 'cooldown_turns': 2}
2026-08-18 16:35:46.999 [WARNING ] game.ui.pygame_app           | ABILITY  FAILED  ability='burrow'  error=burrow is not yet implemented (Stage 7+). Effect params: {'max_distance': 2, 'ignore_units': True, 'destination_must_be_empty': True, 'cooldown_turns': 2}
2026-08-18 16:35:46.999 [INFO    ] game.ui.pygame_app           | TOAST    Cannot activate: burrow is not yet implemented (Stage 7+). Effect params: {'max_distance': 2, 'ignore_units': True, 'destination_must_be_empty': True, 'cooldown_turns': 2}
